#-----------------------------------------------------------
# Vivado v2019.1 (64-bit)
# SW Build 2552052 on Fri May 24 14:49:42 MDT 2019
# IP Build 2548770 on Fri May 24 18:01:18 MDT 2019
# Start of session at: Thu Jul 15 06:58:17 2021
# Process ID: 13436
# Current directory: C:/Users/micha/Documents/Vivado_ws/DLIC_2020_hw3_2_adder
# Command line: vivado.exe -gui_launcher_event rodinguilauncherevent4568 C:\Users\micha\Documents\Vivado_ws\DLIC_2020_hw3_2_adder\DLIC_2020_hw3_2_adder.xpr
# Log file: C:/Users/micha/Documents/Vivado_ws/DLIC_2020_hw3_2_adder/vivado.log
# Journal file: C:/Users/micha/Documents/Vivado_ws/DLIC_2020_hw3_2_adder\vivado.jou
#-----------------------------------------------------------
start_gui
open_project C:/Users/micha/Documents/Vivado_ws/DLIC_2020_hw3_2_adder/DLIC_2020_hw3_2_adder.xpr
update_compile_order -fileset sources_1
reset_run synth_1
launch_runs synth_1 -jobs 12
wait_on_run synth_1
ipx::package_project -root_dir c:/users/micha/documents/vivado_ws/dlic_2020_hw3_2_adder/dlic_2020_hw3_2_adder.srcs/sources_1/new -vendor xilinx.com -library user -taxonomy /UserIP -force
